🚀 Starting Build Process for Endeavor...
📱 Checking Simulator...
📲 Using Simulator ID: 0C3A9573-3B4B-4F90-B8D3-D50ECE76B712
🔨 Building with Xcode...
2026-02-07 15:57:10.149 xcodebuild[28380:2954918] [MT] IDERunDestination: Supported platforms for the buildables in the current scheme is empty.
/Users/andre/Desktop/Endeavor Antigravity/app/EndeavorApp/Views/Onboarding/OnboardingContainerView.swift:155:51: error: static property 'separator' requires the types 'Color' and 'SeparatorShapeStyle' be equivalent
                                    .stroke(Color.separator, lineWidth: 1)
                                                  ^
SwiftUI.ShapeStyle:2:11: note: where 'Self' = 'Color'
extension ShapeStyle where Self == SeparatorShapeStyle {
          ^
Failed frontend command:
/Applications/Xcode.app/Contents/Developer/Toolchains/XcodeDefault.xctoolchain/usr/bin/swift-frontend -frontend -c /Users/andre/Desktop/Endeavor\ Antigravity/app/EndeavorApp/DesignSystem/Components/LinearProgressView.swift /Users/andre/Desktop/Endeavor\ Antigravity/app/EndeavorApp/DesignSystem/Components/DashboardCard.swift /Users/andre/Desktop/Endeavor\ Antigravity/app/EndeavorApp/Views/Auth/WelcomeView.swift /Users/andre/Desktop/Endeavor\ Antigravity/app/EndeavorApp/ViewModels/OnboardingViewModel.swift /Users/andre/Desktop/Endeavor\ Antigravity/app/EndeavorApp/DesignSystem/Typography.swift /Users/andre/Desktop/Endeavor\ Antigravity/app/EndeavorApp/Views/Main/Network/NetworkView.swift /Users/andre/Desktop/Endeavor\ Antigravity/app/EndeavorApp/ViewModels/AppViewModel.swift /Users/andre/Desktop/Endeavor\ Antigravity/app/EndeavorApp/DesignSystem/Components/Charts/LineChartView.swift /Users/andre/Desktop/Endeavor\ Antigravity/app/EndeavorApp/Views/Main/MainTabView.swift /Users/andre/Desktop/Endeavor\ Antigravity/app/EndeavorApp/Models/UserProfile.swift /Users/andre/Desktop/Endeavor\ Antigravity/app/EndeavorApp/App.swift /Users/andre/Desktop/Endeavor\ Antigravity/app/EndeavorApp/Views/Onboarding/Steps/FocusView.swift /Users/andre/Desktop/Endeavor\ Antigravity/app/EndeavorApp/Views/Onboarding/Steps/CompanyBasicsView.swift /Users/andre/Desktop/Endeavor\ Antigravity/app/EndeavorApp/Views/Main/Profile/ProfileView.swift /Users/andre/Desktop/Endeavor\ Antigravity/app/EndeavorApp/DesignSystem/Components/CustomTextField.swift /Users/andre/Desktop/Endeavor\ Antigravity/app/EndeavorApp/Components/ImagePicker.swift /Users/andre/Desktop/Endeavor\ Antigravity/app/EndeavorApp/Views/Onboarding/Steps/CompanyBioLogoView.swift /Users/andre/Desktop/Endeavor\ Antigravity/app/EndeavorApp/DesignSystem/Colors+Extensions.swift /Users/andre/Desktop/Endeavor\ Antigravity/app/EndeavorApp/DesignSystem/Components/SelectablePill.swift /Users/andre/Desktop/Endeavor\ Antigravity/app/EndeavorApp/Views/Onboarding/Steps/ReviewFinishView.swift /Users/andre/Desktop/Endeavor\ Antigravity/app/EndeavorApp/DesignSystem/Components/Charts/BarChartView.swift /Users/andre/Desktop/Endeavor\ Antigravity/app/EndeavorApp/Services/FirebaseService.swift /Users/andre/Desktop/Endeavor\ Antigravity/app/EndeavorApp/Views/Main/Growth/GrowthView.swift /Users/andre/Desktop/Endeavor\ Antigravity/app/EndeavorApp/Views/Main/Profile/EditProfileView.swift /Users/andre/Desktop/Endeavor\ Antigravity/app/EndeavorApp/Views/Main/Profile/SettingsView.swift /Users/andre/Desktop/Endeavor\ Antigravity/app/EndeavorApp/Views/Main/Home/HomeView.swift /Users/andre/Desktop/Endeavor\ Antigravity/app/EndeavorApp/Views/Onboarding/Steps/PersonalInformationView.swift -primary-file /Users/andre/Desktop/Endeavor\ Antigravity/app/EndeavorApp/Views/Onboarding/OnboardingContainerView.swift /Users/andre/Desktop/Endeavor\ Antigravity/Build/Build/Intermediates.noindex/app.build/Debug-iphonesimulator/app.build/DerivedSources/GeneratedAssetSymbols.swift -emit-dependencies-path /Users/andre/Desktop/Endeavor\ Antigravity/Build/Build/Intermediates.noindex/app.build/Debug-iphonesimulator/app.build/Objects-normal/arm64/OnboardingContainerView.d -emit-const-values-path /Users/andre/Desktop/Endeavor\ Antigravity/Build/Build/Intermediates.noindex/app.build/Debug-iphonesimulator/app.build/Objects-normal/arm64/OnboardingContainerView.swiftconstvalues -emit-reference-dependencies-path /Users/andre/Desktop/Endeavor\ Antigravity/Build/Build/Intermediates.noindex/app.build/Debug-iphonesimulator/app.build/Objects-normal/arm64/OnboardingContainerView.swiftdeps -serialize-diagnostics-path /Users/andre/Desktop/Endeavor\ Antigravity/Build/Build/Intermediates.noindex/app.build/Debug-iphonesimulator/app.build/Objects-normal/arm64/OnboardingContainerView.dia -emit-localized-strings -emit-localized-strings-path /Users/andre/Desktop/Endeavor\ Antigravity/Build/Build/Intermediates.noindex/app.build/Debug-iphonesimulator/app.build/Objects-normal/arm64 -target arm64-apple-ios26.2-simulator -module-can-import-version DeveloperToolsSupport 23.0.4 23.0.4 -module-can-import-version SwiftUI 7.2.5.1 7.2.5 -module-can-import-version UIKit 9126.2.4.1 9126.2.4 -disable-cross-import-overlay-search -swift-module-cross-import PhotosUI /Applications/Xcode.app/Contents/Developer/Platforms/iPhoneSimulator.platform/Developer/SDKs/iPhoneSimulator.sdk/System/Library/Frameworks/PhotosUI.framework/Modules/PhotosUI.swiftcrossimport/SwiftUI.swiftoverlay -swift-module-cross-import PhotosUI /Applications/Xcode.app/Contents/Developer/Platforms/iPhoneSimulator.platform/Developer/SDKs/iPhoneSimulator.sdk/System/Library/Frameworks/PhotosUI.framework/Modules/PhotosUI.swiftcrossimport/WidgetKit.swiftoverlay -swift-module-cross-import PhotosUI /Applications/Xcode.app/Contents/Developer/Platforms/iPhoneSimulator.platform/Developer/SDKs/iPhoneSimulator26.2.sdk/System/Library/Frameworks/PhotosUI.framework/Modules/PhotosUI.swiftcrossimport/SwiftUI.swiftoverlay -swift-module-cross-import PhotosUI /Applications/Xcode.app/Contents/Developer/Platforms/iPhoneSimulator.platform/Developer/SDKs/iPhoneSimulator26.2.sdk/System/Library/Frameworks/PhotosUI.framework/Modules/PhotosUI.swiftcrossimport/WidgetKit.swiftoverlay -load-resolved-plugin /Applications/Xcode.app/Contents/Developer/Platforms/iPhoneOS.platform/Developer/usr/lib/swift/host/plugins/libFoundationMacros.dylib\#/Applications/Xcode.app/Contents/Developer/Platforms/iPhoneOS.platform/Developer/usr/bin/swift-plugin-server\#FoundationMacros -load-resolved-plugin /Applications/Xcode.app/Contents/Developer/Platforms/iPhoneOS.platform/Developer/usr/lib/swift/host/plugins/libObservationMacros.dylib\#/Applications/Xcode.app/Contents/Developer/Platforms/iPhoneOS.platform/Developer/usr/bin/swift-plugin-server\#ObservationMacros -load-resolved-plugin /Applications/Xcode.app/Contents/Developer/Platforms/iPhoneOS.platform/Developer/usr/lib/swift/host/plugins/libPreviewsMacros.dylib\#/Applications/Xcode.app/Contents/Developer/Platforms/iPhoneOS.platform/Developer/usr/bin/swift-plugin-server\#PreviewsMacros -load-resolved-plugin /Applications/Xcode.app/Contents/Developer/Platforms/iPhoneOS.platform/Developer/usr/lib/swift/host/plugins/libSwiftMacros.dylib\#/Applications/Xcode.app/Contents/Developer/Platforms/iPhoneOS.platform/Developer/usr/bin/swift-plugin-server\#SwiftMacros -load-resolved-plugin /Applications/Xcode.app/Contents/Developer/Platforms/iPhoneOS.platform/Developer/usr/lib/swift/host/plugins/libSwiftUIMacros.dylib\#/Applications/Xcode.app/Contents/Developer/Platforms/iPhoneOS.platform/Developer/usr/bin/swift-plugin-server\#SwiftUIMacros -disable-implicit-swift-modules -Xcc -fno-implicit-modules -Xcc -fno-implicit-module-maps -explicit-swift-module-map-file /Users/andre/Desktop/Endeavor\ Antigravity/Build/Build/Intermediates.noindex/app.build/Debug-iphonesimulator/app.build/Objects-normal/arm64/app-dependencies-1.json -Xllvm -aarch64-use-tbi -enable-objc-interop -sdk /Applications/Xcode.app/Contents/Developer/Platforms/iPhoneSimulator.platform/Developer/SDKs/iPhoneSimulator26.2.sdk -I /Users/andre/Desktop/Endeavor\ Antigravity/Build/Build/Products/Debug-iphonesimulator -F /Users/andre/Desktop/Endeavor\ Antigravity/Build/Build/Products/Debug-iphonesimulator/PackageFrameworks -F /Users/andre/Desktop/Endeavor\ Antigravity/Build/Build/Products/Debug-iphonesimulator/PackageFrameworks -F /Users/andre/Desktop/Endeavor\ Antigravity/Build/Build/Products/Debug-iphonesimulator/PackageFrameworks -F /Users/andre/Desktop/Endeavor\ Antigravity/Build/Build/Products/Debug-iphonesimulator/PackageFrameworks -F /Users/andre/Desktop/Endeavor\ Antigravity/Build/Build/Products/Debug-iphonesimulator/PackageFrameworks -F /Users/andre/Desktop/Endeavor\ Antigravity/Build/Build/Products/Debug-iphonesimulator/PackageFrameworks -F /Users/andre/Desktop/Endeavor\ Antigravity/Build/Build/Products/Debug-iphonesimulator/PackageFrameworks -F /Users/andre/Desktop/Endeavor\ Antigravity/Build/Build/Products/Debug-iphonesimulator/PackageFrameworks -F /Users/andre/Desktop/Endeavor\ Antigravity/Build/Build/Products/Debug-iphonesimulator/PackageFrameworks -F /Users/andre/Desktop/Endeavor\ Antigravity/Build/Build/Products/Debug-iphonesimulator/PackageFrameworks -F /Users/andre/Desktop/Endeavor\ Antigravity/Build/Build/Products/Debug-iphonesimulator/PackageFrameworks -F /Users/andre/Desktop/Endeavor\ Antigravity/Build/Build/Products/Debug-iphonesimulator/PackageFrameworks -F /Users/andre/Desktop/Endeavor\ Antigravity/Build/Build/Products/Debug-iphonesimulator/PackageFrameworks -F /Users/andre/Desktop/Endeavor\ Antigravity/Build/Build/Products/Debug-iphonesimulator/PackageFrameworks -F /Users/andre/Desktop/Endeavor\ Antigravity/Build/Build/Products/Debug-iphonesimulator/PackageFrameworks -F /Users/andre/Desktop/Endeavor\ Antigravity/Build/Build/Products/Debug-iphonesimulator/PackageFrameworks -F /Users/andre/Desktop/Endeavor\ Antigravity/Build/Build/Products/Debug-iphonesimulator/PackageFrameworks -F /Users/andre/Desktop/Endeavor\ Antigravity/Build/Build/Products/Debug-iphonesimulator/PackageFrameworks -F /Users/andre/Desktop/Endeavor\ Antigravity/Build/Build/Products/Debug-iphonesimulator/PackageFrameworks -F /Users/andre/Desktop/Endeavor\ Antigravity/Build/Build/Products/Debug-iphonesimulator/PackageFrameworks -F /Users/andre/Desktop/Endeavor\ Antigravity/Build/Build/Products/Debug-iphonesimulator/PackageFrameworks -F /Users/andre/Desktop/Endeavor\ Antigravity/Build/Build/Products/Debug-iphonesimulator/PackageFrameworks -F /Users/andre/Desktop/Endeavor\ Antigravity/Build/Build/Products/Debug-iphonesimulator/PackageFrameworks -F /Users/andre/Desktop/Endeavor\ Antigravity/Build/Build/Products/Debug-iphonesimulator/PackageFrameworks -F /Users/andre/Desktop/Endeavor\ Antigravity/Build/Build/Products/Debug-iphonesimulator/PackageFrameworks -F /Users/andre/Desktop/Endeavor\ Antigravity/Build/Build/Products/Debug-iphonesimulator/PackageFrameworks -F /Users/andre/Desktop/Endeavor\ Antigravity/Build/Build/Products/Debug-iphonesimulator/PackageFrameworks -F /Users/andre/Desktop/Endeavor\ Antigravity/Build/Build/Products/Debug-iphonesimulator/PackageFrameworks -F /Users/andre/Desktop/Endeavor\ Antigravity/Build/Build/Products/Debug-iphonesimulator/PackageFrameworks -F /Users/andre/Desktop/Endeavor\ Antigravity/Build/Build/Products/Debug-iphonesimulator/PackageFrameworks -F /Users/andre/Desktop/Endeavor\ Antigravity/Build/Build/Products/Debug-iphonesimulator/PackageFrameworks -F /Users/andre/Desktop/Endeavor\ Antigravity/Build/Build/Products/Debug-iphonesimulator/PackageFrameworks -F /Users/andre/Desktop/Endeavor\ Antigravity/Build/Build/Products/Debug-iphonesimulator/PackageFrameworks -F /Users/andre/Desktop/Endeavor\ Antigravity/Build/Build/Products/Debug-iphonesimulator/PackageFrameworks -F /Users/andre/Desktop/Endeavor\ Antigravity/Build/Build/Products/Debug-iphonesimulator/PackageFrameworks -F /Users/andre/Desktop/Endeavor\ Antigravity/Build/Build/Products/Debug-iphonesimulator/PackageFrameworks -F /Users/andre/Desktop/Endeavor\ Antigravity/Build/Build/Products/Debug-iphonesimulator/PackageFrameworks -F /Users/andre/Desktop/Endeavor\ Antigravity/Build/Build/Products/Debug-iphonesimulator/PackageFrameworks -F /Users/andre/Desktop/Endeavor\ Antigravity/Build/Build/Products/Debug-iphonesimulator/PackageFrameworks -F /Users/andre/Desktop/Endeavor\ Antigravity/Build/Build/Products/Debug-iphonesimulator/PackageFrameworks -F /Users/andre/Desktop/Endeavor\ Antigravity/Build/Build/Products/Debug-iphonesimulator/PackageFrameworks -F /Users/andre/Desktop/Endeavor\ Antigravity/Build/Build/Products/Debug-iphonesimulator -no-color-diagnostics -Xcc -fno-color-diagnostics -enable-testing -g -debug-info-format\=dwarf -dwarf-version\=5 -module-cache-path /Users/andre/Desktop/Endeavor\ Antigravity/Build/Build/Intermediates.noindex/SwiftExplicitPrecompiledModules -swift-version 5 -enforce-exclusivity\=checked -Onone -D DEBUG -serialize-debugging-options -const-gather-protocols-file /Users/andre/Desktop/Endeavor\ Antigravity/Build/Build/Intermediates.noindex/app.build/Debug-iphonesimulator/app.build/Objects-normal/arm64/app_const_extract_protocols.json -enable-upcoming-feature DisableOutwardActorInference -enable-upcoming-feature InferSendableFromCaptures -enable-upcoming-feature GlobalActorIsolatedTypesUsability -enable-upcoming-feature MemberImportVisibility -enable-upcoming-feature InferIsolatedConformances -enable-upcoming-feature NonisolatedNonsendingByDefault -enable-experimental-feature DebugDescriptionMacro -enable-bare-slash-regex -default-isolation\=MainActor -empty-abi-descriptor -validate-clang-modules-once -clang-build-session-file /Users/andre/Desktop/Endeavor\ Antigravity/Build/ModuleCache.noindex/Session.modulevalidation -Xcc -working-directory -Xcc /Users/andre/Desktop/Endeavor\ Antigravity/app -enable-anonymous-context-mangled-names -file-compilation-dir /Users/andre/Desktop/Endeavor\ Antigravity/app -Xcc -fmodule-map-file\=/Users/andre/Desktop/Endeavor\ Antigravity/Build/Build/Intermediates.noindex/GeneratedModuleMaps-iphonesimulator/RecaptchaInterop.modulemap -Xcc -fmodule-map-file\=/Users/andre/Desktop/Endeavor\ Antigravity/Build/Build/Intermediates.noindex/GeneratedModuleMaps-iphonesimulator/FirebaseAuthInternal.modulemap -Xcc -fmodule-map-file\=/Users/andre/Desktop/Endeavor\ Antigravity/Build/Build/Intermediates.noindex/GeneratedModuleMaps-iphonesimulator/FirebaseAuthInterop.modulemap -Xcc -fmodule-map-file\=/Users/andre/Desktop/Endeavor\ Antigravity/Build/Build/Intermediates.noindex/GeneratedModuleMaps-iphonesimulator/AppAuth.modulemap -Xcc -fmodule-map-file\=/Users/andre/Desktop/Endeavor\ Antigravity/Build/Build/Intermediates.noindex/GeneratedModuleMaps-iphonesimulator/AppAuthCore.modulemap -Xcc -fmodule-map-file\=/Users/andre/Desktop/Endeavor\ Antigravity/Build/Build/Intermediates.noindex/GeneratedModuleMaps-iphonesimulator/AppCheckCore.modulemap -Xcc -fmodule-map-file\=/Users/andre/Desktop/Endeavor\ Antigravity/Build/Build/Intermediates.noindex/GeneratedModuleMaps-iphonesimulator/GTMSessionFetcherCore.modulemap -Xcc -fmodule-map-file\=/Users/andre/Desktop/Endeavor\ Antigravity/Build/Build/Intermediates.noindex/GeneratedModuleMaps-iphonesimulator/GoogleSignIn.modulemap -Xcc -fmodule-map-file\=/Users/andre/Desktop/Endeavor\ Antigravity/Build/Build/Intermediates.noindex/GeneratedModuleMaps-iphonesimulator/abslWrapper.modulemap -Xcc -fmodule-map-file\=/Users/andre/Desktop/Endeavor\ Antigravity/Build/Build/Intermediates.noindex/GeneratedModuleMaps-iphonesimulator/opensslWrapper.modulemap -Xcc -fmodule-map-file\=/Users/andre/Desktop/Endeavor\ Antigravity/Build/Build/Intermediates.noindex/GeneratedModuleMaps-iphonesimulator/grpcWrapper.modulemap -Xcc -fmodule-map-file\=/Users/andre/Desktop/Endeavor\ Antigravity/Build/Build/Intermediates.noindex/GeneratedModuleMaps-iphonesimulator/grpcppWrapper.modulemap -Xcc -fmodule-map-file\=/Users/andre/Desktop/Endeavor\ Antigravity/Build/Build/Intermediates.noindex/GeneratedModuleMaps-iphonesimulator/leveldb.modulemap -Xcc -fmodule-map-file\=/Users/andre/Desktop/Endeavor\ Antigravity/Build/Build/Intermediates.noindex/GeneratedModuleMaps-iphonesimulator/FirebaseCoreExtension.modulemap -Xcc -fmodule-map-file\=/Users/andre/Desktop/Endeavor\ Antigravity/Build/Build/Intermediates.noindex/GeneratedModuleMaps-iphonesimulator/FirebaseAppCheckInterop.modulemap -Xcc -fmodule-map-file\=/Users/andre/Desktop/Endeavor\ Antigravity/Build/Build/Intermediates.noindex/GeneratedModuleMaps-iphonesimulator/FirebaseFirestoreInternalWrapper.modulemap -Xcc -fmodule-map-file\=/Users/andre/Desktop/Endeavor\ Antigravity/Build/Build/Intermediates.noindex/GeneratedModuleMaps-iphonesimulator/FirebaseFirestoreTarget.modulemap -Xcc -fmodule-map-file\=/Users/andre/Desktop/Endeavor\ Antigravity/Build/Build/Intermediates.noindex/GeneratedModuleMaps-iphonesimulator/GoogleUtilities-UserDefaults.modulemap -Xcc -fmodule-map-file\=/Users/andre/Desktop/Endeavor\ Antigravity/Build/Build/Intermediates.noindex/GeneratedModuleMaps-iphonesimulator/GoogleAdsOnDeviceConversionTarget.modulemap -Xcc -fmodule-map-file\=/Users/andre/Desktop/Endeavor\ Antigravity/Build/Build/Intermediates.noindex/GeneratedModuleMaps-iphonesimulator/GoogleAppMeasurementTarget.modulemap -Xcc -fmodule-map-file\=/Users/andre/Desktop/Endeavor\ Antigravity/Build/Build/Intermediates.noindex/GeneratedModuleMaps-iphonesimulator/GoogleUtilities-AppDelegateSwizzler.modulemap -Xcc -fmodule-map-file\=/Users/andre/Desktop/Endeavor\ Antigravity/Build/Build/Intermediates.noindex/GeneratedModuleMaps-iphonesimulator/GoogleUtilities-MethodSwizzler.modulemap -Xcc -fmodule-map-file\=/Users/andre/Desktop/Endeavor\ Antigravity/Build/Build/Intermediates.noindex/GeneratedModuleMaps-iphonesimulator/GoogleUtilities-Reachability.modulemap -Xcc -fmodule-map-file\=/Users/andre/Desktop/Endeavor\ Antigravity/Build/Build/Intermediates.noindex/GeneratedModuleMaps-iphonesimulator/GoogleUtilities-NSData.modulemap -Xcc -fmodule-map-file\=/Users/andre/Desktop/Endeavor\ Antigravity/Build/Build/Intermediates.noindex/GeneratedModuleMaps-iphonesimulator/GoogleUtilities-Logger.modulemap -Xcc -fmodule-map-file\=/Users/andre/Desktop/Endeavor\ Antigravity/Build/Build/Intermediates.noindex/GeneratedModuleMaps-iphonesimulator/GoogleUtilities-Environment.modulemap -Xcc -fmodule-map-file\=/Users/andre/Desktop/Endeavor\ Antigravity/Build/Build/Intermediates.noindex/GeneratedModuleMaps-iphonesimulator/third-party-IsAppEncrypted.modulemap -Xcc -fmodule-map-file\=/Users/andre/Desktop/Endeavor\ Antigravity/Build/Build/Intermediates.noindex/GeneratedModuleMaps-iphonesimulator/GoogleUtilities-Network.modulemap -Xcc -fmodule-map-file\=/Users/andre/Desktop/Endeavor\ Antigravity/Build/Build/Intermediates.noindex/GeneratedModuleMaps-iphonesimulator/nanopb.modulemap -Xcc -fmodule-map-file\=/Users/andre/Desktop/Endeavor\ Antigravity/Build/Build/Intermediates.noindex/GeneratedModuleMaps-iphonesimulator/FirebaseAnalyticsWrapper.modulemap -Xcc -fmodule-map-file\=/Users/andre/Desktop/Endeavor\ Antigravity/Build/Build/Intermediates.noindex/GeneratedModuleMaps-iphonesimulator/FirebaseInstallations.modulemap -Xcc -fmodule-map-file\=/Users/andre/Desktop/Endeavor\ Antigravity/Build/Build/Intermediates.noindex/GeneratedModuleMaps-iphonesimulator/FirebaseCore.modulemap -Xcc -fmodule-map-file\=/Users/andre/Desktop/Endeavor\ Antigravity/Build/Build/Intermediates.noindex/GeneratedModuleMaps-iphonesimulator/FirebaseAnalyticsTarget.modulemap -Xcc -D_LIBCPP_HARDENING_MODE\=_LIBCPP_HARDENING_MODE_DEBUG -Xcc -ivfsstatcache -Xcc /Users/andre/Desktop/Endeavor\ Antigravity/Build/SDKStatCaches.noindex/iphonesimulator26.2-23C53-7d00a8b37fbd7999ea79df8ebc024bf0.sdkstatcache -Xcc -I/Users/andre/Desktop/Endeavor\ Antigravity/Build/Build/Intermediates.noindex/app.build/Debug-iphonesimulator/app.build/swift-overrides.hmap -Xcc -iquote -Xcc /Users/andre/Desktop/Endeavor\ Antigravity/Build/Build/Intermediates.noindex/app.build/Debug-iphonesimulator/app.build/app-generated-files.hmap -Xcc -I/Users/andre/Desktop/Endeavor\ Antigravity/Build/Build/Intermediates.noindex/app.build/Debug-iphonesimulator/app.build/app-own-target-headers.hmap -Xcc -I/Users/andre/Desktop/Endeavor\ Antigravity/Build/Build/Intermediates.noindex/app.build/Debug-iphonesimulator/app.build/app-all-non-framework-target-headers.hmap -Xcc -ivfsoverlay -Xcc /Users/andre/Desktop/Endeavor\ Antigravity/Build/Build/Intermediates.noindex/app.build/Debug-iphonesimulator/app-ae18ceb30d46d3e5e4492e827d974eb5-VFS-iphonesimulator/all-product-headers.yaml -Xcc -iquote -Xcc /Users/andre/Desktop/Endeavor\ Antigravity/Build/Build/Intermediates.noindex/app.build/Debug-iphonesimulator/app.build/app-project-headers.hmap -Xcc -I/Users/andre/Desktop/Endeavor\ Antigravity/Build/SourcePackages/checkouts/interop-ios-for-google-sdks/RecaptchaEnterprise/RecaptchaInterop/Public -Xcc -I/Users/andre/Desktop/Endeavor\ Antigravity/Build/SourcePackages/checkouts/firebase-ios-sdk/FirebaseAuth/Sources/Public -Xcc -I/Users/andre/Desktop/Endeavor\ Antigravity/Build/SourcePackages/checkouts/firebase-ios-sdk/FirebaseAuth/Interop/Public -Xcc -I/Users/andre/Desktop/Endeavor\ Antigravity/Build/SourcePackages/checkouts/AppAuth-iOS/Sources/AppAuth -Xcc -I/Users/andre/Desktop/Endeavor\ Antigravity/Build/SourcePackages/checkouts/AppAuth-iOS/Sources/AppAuthCore -Xcc -I/Users/andre/Desktop/Endeavor\ Antigravity/Build/SourcePackages/checkouts/app-check/AppCheckCore/Sources/Public -Xcc -I/Users/andre/Desktop/Endeavor\ Antigravity/Build/SourcePackages/checkouts/gtm-session-fetcher/Sources/Core/Public -Xcc -I/Users/andre/Desktop/Endeavor\ Antigravity/Build/SourcePackages/checkouts/GoogleSignIn-iOS/GoogleSignIn/Sources/Public -Xcc -I/Users/andre/Desktop/Endeavor\ Antigravity/Build/SourcePackages/checkouts/abseil-cpp-binary/absl-Wrapper/include -Xcc -I/Users/andre/Desktop/Endeavor\ Antigravity/Build/SourcePackages/checkouts/grpc-binary/openssl-grpc-Wrapper/include -Xcc -I/Users/andre/Desktop/Endeavor\ Antigravity/Build/SourcePackages/checkouts/grpc-binary/grpc-Wrapper/include -Xcc -I/Users/andre/Desktop/Endeavor\ Antigravity/Build/SourcePackages/checkouts/grpc-binary/grpcpp-Wrapper/include -Xcc -I/Users/andre/Desktop/Endeavor\ Antigravity/Build/SourcePackages/checkouts/leveldb/include -Xcc -I/Users/andre/Desktop/Endeavor\ Antigravity/Build/SourcePackages/checkouts/firebase-ios-sdk/FirebaseCore/Extension -Xcc -I/Users/andre/Desktop/Endeavor\ Antigravity/Build/SourcePackages/checkouts/firebase-ios-sdk/FirebaseAppCheck/Interop/Public -Xcc -I/Users/andre/Desktop/Endeavor\ Antigravity/Build/SourcePackages/checkouts/firebase-ios-sdk/FirebaseFirestoreInternal -Xcc -I/Users/andre/Desktop/Endeavor\ Antigravity/Build/SourcePackages/checkouts/firebase-ios-sdk/SwiftPM-PlatformExclude/FirebaseFirestoreWrap/include -Xcc -I/Users/andre/Desktop/Endeavor\ Antigravity/Build/SourcePackages/checkouts/promises/Sources/FBLPromises/include -Xcc -I/Users/andre/Desktop/Endeavor\ Antigravity/Build/SourcePackages/checkouts/GoogleUtilities/GoogleUtilities/UserDefaults/Public -Xcc -I/Users/andre/Desktop/Endeavor\ Antigravity/Build/SourcePackages/checkouts/google-ads-on-device-conversion-ios-sdk/GoogleAdsOnDeviceConversionWrapper/include -Xcc -I/Users/andre/Desktop/Endeavor\ Antigravity/Build/SourcePackages/checkouts/GoogleAppMeasurement/GoogleAppMeasurementWrapper/include -Xcc -I/Users/andre/Desktop/Endeavor\ Antigravity/Build/SourcePackages/checkouts/GoogleUtilities/GoogleUtilities/AppDelegateSwizzler/Public -Xcc -I/Users/andre/Desktop/Endeavor\ Antigravity/Build/SourcePackages/checkouts/GoogleUtilities/GoogleUtilities/MethodSwizzler/Public -Xcc -I/Users/andre/Desktop/Endeavor\ Antigravity/Build/SourcePackages/checkouts/GoogleUtilities/GoogleUtilities/Reachability/Public -Xcc -I/Users/andre/Desktop/Endeavor\ Antigravity/Build/SourcePackages/checkouts/GoogleUtilities/GoogleUtilities/NSData+zlib/Public -Xcc -I/Users/andre/Desktop/Endeavor\ Antigravity/Build/SourcePackages/checkouts/GoogleUtilities/GoogleUtilities/Logger/Public -Xcc -I/Users/andre/Desktop/Endeavor\ Antigravity/Build/SourcePackages/checkouts/GoogleUtilities/GoogleUtilities/Environment/Public -Xcc -I/Users/andre/Desktop/Endeavor\ Antigravity/Build/SourcePackages/checkouts/GoogleUtilities/third_party/IsAppEncrypted/Public -Xcc -I/Users/andre/Desktop/Endeavor\ Antigravity/Build/SourcePackages/checkouts/GoogleUtilities/GoogleUtilities/Network/Public -Xcc -I/Users/andre/Desktop/Endeavor\ Antigravity/Build/SourcePackages/checkouts/nanopb/spm_headers -Xcc -I/Users/andre/Desktop/Endeavor\ Antigravity/Build/SourcePackages/checkouts/firebase-ios-sdk/FirebaseAnalyticsWrapper/include -Xcc -I/Users/andre/Desktop/Endeavor\ Antigravity/Build/SourcePackages/checkouts/firebase-ios-sdk/FirebaseInstallations/Source/Library/Public -Xcc -I/Users/andre/Desktop/Endeavor\ Antigravity/Build/SourcePackages/checkouts/firebase-ios-sdk/FirebaseCore/Sources/Public -Xcc -I/Users/andre/Desktop/Endeavor\ Antigravity/Build/SourcePackages/checkouts/firebase-ios-sdk/CoreOnly/Sources -Xcc -I/Users/andre/Desktop/Endeavor\ Antigravity/Build/SourcePackages/checkouts/firebase-ios-sdk/SwiftPM-PlatformExclude/FirebaseAnalyticsWrap/include -Xcc -I/Users/andre/Desktop/Endeavor\ Antigravity/Build/Build/Products/Debug-iphonesimulator/include -Xcc -I/Users/andre/Desktop/Endeavor\ Antigravity/Build/Build/Intermediates.noindex/app.build/Debug-iphonesimulator/app.build/DerivedSources-normal/arm64 -Xcc -I/Users/andre/Desktop/Endeavor\ Antigravity/Build/Build/Intermediates.noindex/app.build/Debug-iphonesimulator/app.build/DerivedSources/arm64 -Xcc -I/Users/andre/Desktop/Endeavor\ Antigravity/Build/Build/Intermediates.noindex/app.build/Debug-iphonesimulator/app.build/DerivedSources -Xcc -DDEBUG\=1 -no-auto-bridging-header-chaining -module-name app -frontend-parseable-output -disable-clang-spi -target-sdk-version 26.2 -target-sdk-name iphonesimulator26.2 -clang-target arm64-apple-ios26.2-simulator -in-process-plugin-server-path /Applications/Xcode.app/Contents/Developer/Toolchains/XcodeDefault.xctoolchain/usr/lib/swift/host/libSwiftInProcPluginServer.dylib -o /Users/andre/Desktop/Endeavor\ Antigravity/Build/Build/Intermediates.noindex/app.build/Debug-iphonesimulator/app.build/Objects-normal/arm64/OnboardingContainerView.o -index-unit-output-path /app.build/Debug-iphonesimulator/app.build/Objects-normal/arm64/OnboardingContainerView.o -index-store-path /Users/andre/Desktop/Endeavor\ Antigravity/Build/Index.noindex/DataStore -index-system-modules
** BUILD FAILED **

❌ Build failed.
