Command line invocation:
    /Applications/Xcode.app/Contents/Developer/usr/bin/xcodebuild -scheme Endeavor -destination "platform=iOS Simulator,name=iPhone 16 Pro"

Resolve Package Graph


Resolved source packages:
  nanopb: https://github.com/firebase/nanopb.git @ 2.30910.0
  AppAuth: https://github.com/openid/AppAuth-iOS.git @ 2.0.0
  GoogleDataTransport: https://github.com/google/GoogleDataTransport.git @ 10.1.0
  leveldb: https://github.com/firebase/leveldb.git @ 1.22.5
  Promises: https://github.com/google/promises.git @ 2.4.0
  GoogleUtilities: https://github.com/google/GoogleUtilities.git @ 8.1.0
  GoogleAppMeasurement: https://github.com/google/GoogleAppMeasurement.git @ 12.8.0
  GTMSessionFetcher: https://github.com/google/gtm-session-fetcher.git @ 3.5.0
  AppCheck: https://github.com/google/app-check.git @ 11.2.0
  gRPC: https://github.com/google/grpc-binary.git @ 1.69.1
  GoogleSignIn: https://github.com/google/GoogleSignIn-iOS @ 9.1.0
  GTMAppAuth: https://github.com/google/GTMAppAuth.git @ 5.0.0
  GoogleAdsOnDeviceConversion: https://github.com/googleads/google-ads-on-device-conversion-ios-sdk @ 3.2.0
  Firebase: https://github.com/firebase/firebase-ios-sdk @ 12.9.0
  InteropForGoogle: https://github.com/google/interop-ios-for-google-sdks.git @ 101.0.0
  abseil: https://github.com/google/abseil-cpp-binary.git @ 1.2024072200.0

2026-02-07 20:04:21.436 xcodebuild[60474:3270522] Writing error result bundle to /var/folders/kt/593hfpqs1wd33q5wv0l68khw0000gn/T/ResultBundle_2026-07-02_20-04-0021.xcresult
xcodebuild: error: The project named "app" does not contain a scheme named "Endeavor". The "-list" option can be used to find the names of the schemes in the project.
